---
source: tests/convert.rs
expression: code
---
import { createVNode } from "vue";
createVNode("custom-tag", null, null);

