---
source: tests/convert.rs
expression: code
---
import { createVNode } from "vue";
createVNode("div", {
    style: a
}, null, 4);

